/usr/local/lsws/fcgi-bin/lswsgi_wrapper: line 9: /home/alnomang/virtualenv/alnoman/3.11/bin/set_env_vars.py: No such file or directory
/usr/local/lsws/fcgi-bin/lswsgi_wrapper: line 9: /home/alnomang/virtualenv/alnoman/3.11/bin/set_env_vars.py: No such file or directory
<QuerySet [<Our_Certificate: Our_Certificate object (2)>]>
/usr/local/lsws/fcgi-bin/lswsgi_wrapper: line 9: /home/alnomang/virtualenv/alnoman/3.11/bin/set_env_vars.py: No such file or directory
/usr/local/lsws/fcgi-bin/lswsgi_wrapper: line 9: /home/alnomang/virtualenv/alnoman/3.11/bin/set_env_vars.py: No such file or directory
/usr/local/lsws/fcgi-bin/lswsgi_wrapper: line 9: /home/alnomang/virtualenv/alnoman/3.11/bin/set_env_vars.py: No such file or directory
/usr/local/lsws/fcgi-bin/lswsgi_wrapper: line 9: /home/alnomang/virtualenv/alnoman/3.11/bin/set_env_vars.py: No such file or directory
/usr/local/lsws/fcgi-bin/lswsgi_wrapper: line 9: /home/alnomang/virtualenv/alnoman/3.11/bin/set_env_vars.py: No such file or directory
/usr/local/lsws/fcgi-bin/lswsgi_wrapper: line 9: /home/alnomang/virtualenv/alnoman/3.11/bin/set_env_vars.py: No such file or directory
/usr/local/lsws/fcgi-bin/lswsgi_wrapper: line 9: /home/alnomang/virtualenv/alnoman/3.11/bin/set_env_vars.py: No such file or directory
/usr/local/lsws/fcgi-bin/lswsgi_wrapper: line 9: /home/alnomang/virtualenv/alnoman/3.11/bin/set_env_vars.py: No such file or directory
/usr/local/lsws/fcgi-bin/lswsgi_wrapper: line 9: /home/alnomang/virtualenv/alnoman/3.11/bin/set_env_vars.py: No such file or directory
/usr/local/lsws/fcgi-bin/lswsgi_wrapper: line 9: /home/alnomang/virtualenv/alnoman/3.11/bin/set_env_vars.py: No such file or directory
/usr/local/lsws/fcgi-bin/lswsgi_wrapper: line 9: /home/alnomang/virtualenv/alnoman/3.11/bin/set_env_vars.py: No such file or directory
/usr/local/lsws/fcgi-bin/lswsgi_wrapper: line 9: /home/alnomang/virtualenv/alnoman/3.11/bin/set_env_vars.py: No such file or directory
/usr/local/lsws/fcgi-bin/lswsgi_wrapper: line 9: /home/alnomang/virtualenv/alnoman/3.11/bin/set_env_vars.py: No such file or directory
/usr/local/lsws/fcgi-bin/lswsgi_wrapper: line 9: /home/alnomang/virtualenv/alnoman/3.11/bin/set_env_vars.py: No such file or directory
/usr/local/lsws/fcgi-bin/lswsgi_wrapper: line 9: /home/alnomang/virtualenv/alnoman/3.11/bin/set_env_vars.py: No such file or directory
/usr/local/lsws/fcgi-bin/lswsgi_wrapper: line 9: /home/alnomang/virtualenv/alnoman/3.11/bin/set_env_vars.py: No such file or directory
/usr/local/lsws/fcgi-bin/lswsgi_wrapper: line 9: /home/alnomang/virtualenv/alnoman/3.11/bin/set_env_vars.py: No such file or directory
/usr/local/lsws/fcgi-bin/lswsgi_wrapper: line 9: /home/alnomang/virtualenv/alnoman/3.11/bin/set_env_vars.py: No such file or directory
/usr/local/lsws/fcgi-bin/lswsgi_wrapper: line 9: /home/alnomang/virtualenv/alnoman/3.11/bin/set_env_vars.py: No such file or directory
/usr/local/lsws/fcgi-bin/lswsgi_wrapper: line 9: /home/alnomang/virtualenv/alnoman/3.11/bin/set_env_vars.py: No such file or directory
/usr/local/lsws/fcgi-bin/lswsgi_wrapper: line 9: /home/alnomang/virtualenv/alnoman/3.11/bin/set_env_vars.py: No such file or directory
/usr/local/lsws/fcgi-bin/lswsgi_wrapper: line 9: /home/alnomang/virtualenv/alnoman/3.11/bin/set_env_vars.py: No such file or directory
/usr/local/lsws/fcgi-bin/lswsgi_wrapper: line 9: /home/alnomang/virtualenv/alnoman/3.11/bin/set_env_vars.py: No such file or directory
/usr/local/lsws/fcgi-bin/lswsgi_wrapper: line 9: /home/alnomang/virtualenv/alnoman/3.11/bin/set_env_vars.py: No such file or directory
/usr/local/lsws/fcgi-bin/lswsgi_wrapper: line 9: /home/alnomang/virtualenv/alnoman/3.11/bin/set_env_vars.py: No such file or directory
/usr/local/lsws/fcgi-bin/lswsgi_wrapper: line 9: /home/alnomang/virtualenv/alnoman/3.11/bin/set_env_vars.py: No such file or directory
/usr/local/lsws/fcgi-bin/lswsgi_wrapper: line 9: /home/alnomang/virtualenv/alnoman/3.11/bin/set_env_vars.py: No such file or directory
/usr/local/lsws/fcgi-bin/lswsgi_wrapper: line 9: /home/alnomang/virtualenv/alnoman/3.11/bin/set_env_vars.py: No such file or directory
/usr/local/lsws/fcgi-bin/lswsgi_wrapper: line 9: /home/alnomang/virtualenv/alnoman/3.11/bin/set_env_vars.py: No such file or directory
/usr/local/lsws/fcgi-bin/lswsgi_wrapper: line 9: /home/alnomang/virtualenv/alnoman/3.11/bin/set_env_vars.py: No such file or directory
/usr/local/lsws/fcgi-bin/lswsgi_wrapper: line 9: /home/alnomang/virtualenv/alnoman/3.11/bin/set_env_vars.py: No such file or directory
/usr/local/lsws/fcgi-bin/lswsgi_wrapper: line 9: /home/alnomang/virtualenv/alnoman/3.11/bin/set_env_vars.py: No such file or directory
/usr/local/lsws/fcgi-bin/lswsgi_wrapper: line 9: /home/alnomang/virtualenv/alnoman/3.11/bin/set_env_vars.py: No such file or directory
/usr/local/lsws/fcgi-bin/lswsgi_wrapper: line 9: /home/alnomang/virtualenv/alnoman/3.11/bin/set_env_vars.py: No such file or directory
/usr/local/lsws/fcgi-bin/lswsgi_wrapper: line 9: /home/alnomang/virtualenv/alnoman/3.11/bin/set_env_vars.py: No such file or directory
/usr/local/lsws/fcgi-bin/lswsgi_wrapper: line 9: /home/alnomang/virtualenv/alnoman/3.11/bin/set_env_vars.py: No such file or directory
/usr/local/lsws/fcgi-bin/lswsgi_wrapper: line 9: /home/alnomang/virtualenv/alnoman/3.11/bin/set_env_vars.py: No such file or directory
/usr/local/lsws/fcgi-bin/lswsgi_wrapper: line 9: /home/alnomang/virtualenv/alnoman/3.11/bin/set_env_vars.py: No such file or directory
/usr/local/lsws/fcgi-bin/lswsgi_wrapper: line 9: /home/alnomang/virtualenv/alnoman/3.11/bin/set_env_vars.py: No such file or directory
/usr/local/lsws/fcgi-bin/lswsgi_wrapper: line 9: /home/alnomang/virtualenv/alnoman/3.11/bin/set_env_vars.py: No such file or directory
/usr/local/lsws/fcgi-bin/lswsgi_wrapper: line 9: /home/alnomang/virtualenv/alnoman/3.11/bin/set_env_vars.py: No such file or directory
/usr/local/lsws/fcgi-bin/lswsgi_wrapper: line 9: /home/alnomang/virtualenv/alnoman/3.11/bin/set_env_vars.py: No such file or directory
/usr/local/lsws/fcgi-bin/lswsgi_wrapper: line 9: /home/alnomang/virtualenv/alnoman/3.11/bin/set_env_vars.py: No such file or directory
/usr/local/lsws/fcgi-bin/lswsgi_wrapper: line 9: /home/alnomang/virtualenv/alnoman/3.11/bin/set_env_vars.py: No such file or directory
3
/usr/local/lsws/fcgi-bin/lswsgi_wrapper: line 9: /home/alnomang/virtualenv/alnoman/3.11/bin/set_env_vars.py: No such file or directory
/usr/local/lsws/fcgi-bin/lswsgi_wrapper: line 9: /home/alnomang/virtualenv/alnoman/3.11/bin/set_env_vars.py: No such file or directory
/usr/local/lsws/fcgi-bin/lswsgi_wrapper: line 9: /home/alnomang/virtualenv/alnoman/3.11/bin/set_env_vars.py: No such file or directory
/usr/local/lsws/fcgi-bin/lswsgi_wrapper: line 9: /home/alnomang/virtualenv/alnoman/3.11/bin/set_env_vars.py: No such file or directory
/usr/local/lsws/fcgi-bin/lswsgi_wrapper: line 9: /home/alnomang/virtualenv/alnoman/3.11/bin/set_env_vars.py: No such file or directory
/usr/local/lsws/fcgi-bin/lswsgi_wrapper: line 9: /home/alnomang/virtualenv/alnoman/3.11/bin/set_env_vars.py: No such file or directory
/usr/local/lsws/fcgi-bin/lswsgi_wrapper: line 9: /home/alnomang/virtualenv/alnoman/3.11/bin/set_env_vars.py: No such file or directory
3
/usr/local/lsws/fcgi-bin/lswsgi_wrapper: line 9: /home/alnomang/virtualenv/alnoman/3.11/bin/set_env_vars.py: No such file or directory
/usr/local/lsws/fcgi-bin/lswsgi_wrapper: line 9: /home/alnomang/virtualenv/alnoman/3.11/bin/set_env_vars.py: No such file or directory
/usr/local/lsws/fcgi-bin/lswsgi_wrapper: line 9: /home/alnomang/virtualenv/alnoman/3.11/bin/set_env_vars.py: No such file or directory
/usr/local/lsws/fcgi-bin/lswsgi_wrapper: line 9: /home/alnomang/virtualenv/alnoman/3.11/bin/set_env_vars.py: No such file or directory
[UID:1613][1077429] Child process with pid: 1101036 was killed by signal: 9, core dumped: no
OSError: LSAPI: File error
[UID:1613][1077429] Child process with pid: 1102655 was killed by signal: 15, core dumped: no
[UID:1613][1077429] Child process with pid: 1103509 was killed by signal: 15, core dumped: no
/usr/local/lsws/fcgi-bin/lswsgi_wrapper: line 9: /home/alnomang/virtualenv/alnoman/3.11/bin/set_env_vars.py: No such file or directory
/usr/local/lsws/fcgi-bin/lswsgi_wrapper: line 9: /home/alnomang/virtualenv/alnoman/3.11/bin/set_env_vars.py: No such file or directory
/usr/local/lsws/fcgi-bin/lswsgi_wrapper: line 9: /home/alnomang/virtualenv/alnoman/3.11/bin/set_env_vars.py: No such file or directory
2
/usr/local/lsws/fcgi-bin/lswsgi_wrapper: line 9: /home/alnomang/virtualenv/alnoman/3.11/bin/set_env_vars.py: No such file or directory
4
/usr/local/lsws/fcgi-bin/lswsgi_wrapper: line 9: /home/alnomang/virtualenv/alnoman/3.11/bin/set_env_vars.py: No such file or directory
/usr/local/lsws/fcgi-bin/lswsgi_wrapper: line 9: /home/alnomang/virtualenv/alnoman/3.11/bin/set_env_vars.py: No such file or directory
3
/usr/local/lsws/fcgi-bin/lswsgi_wrapper: line 9: /home/alnomang/virtualenv/alnoman/3.11/bin/set_env_vars.py: No such file or directory
/usr/local/lsws/fcgi-bin/lswsgi_wrapper: line 9: /home/alnomang/virtualenv/alnoman/3.11/bin/set_env_vars.py: No such file or directory
2
/usr/local/lsws/fcgi-bin/lswsgi_wrapper: line 9: /home/alnomang/virtualenv/alnoman/3.11/bin/set_env_vars.py: No such file or directory
[UID:1613][1224825] Child process with pid: 1306747 was killed by signal: 9, core dumped: no
/usr/local/lsws/fcgi-bin/lswsgi_wrapper: line 9: /home/alnomang/virtualenv/alnoman/3.11/bin/set_env_vars.py: No such file or directory
/usr/local/lsws/fcgi-bin/lswsgi_wrapper: line 9: /home/alnomang/virtualenv/alnoman/3.11/bin/set_env_vars.py: No such file or directory
/usr/local/lsws/fcgi-bin/lswsgi_wrapper: line 9: /home/alnomang/virtualenv/alnoman/3.11/bin/set_env_vars.py: No such file or directory
/usr/local/lsws/fcgi-bin/lswsgi_wrapper: line 9: /home/alnomang/virtualenv/alnoman/3.11/bin/set_env_vars.py: No such file or directory
2
/usr/local/lsws/fcgi-bin/lswsgi_wrapper: line 9: /home/alnomang/virtualenv/alnoman/3.11/bin/set_env_vars.py: No such file or directory
[UID:1613][1395494] Reached max children process limit: 6, extra: 2, current: 8, busy: 7, please increase LSAPI_CHILDREN.
[UID:1613][1395494] Reached max children process limit: 6, extra: 2, current: 8, busy: 8, please increase LSAPI_CHILDREN.
[UID:1613][1395494] Reached max children process limit: 6, extra: 2, current: 8, busy: 8, please increase LSAPI_CHILDREN.
[UID:1613][1395494] Reached max children process limit: 6, extra: 2, current: 8, busy: 8, please increase LSAPI_CHILDREN.
[UID:1613][1395494] Reached max children process limit: 6, extra: 2, current: 8, busy: 8, please increase LSAPI_CHILDREN.
[UID:1613][1395494] Reached max children process limit: 6, extra: 2, current: 8, busy: 8, please increase LSAPI_CHILDREN.
[UID:1613][1395494] Reached max children process limit: 6, extra: 2, current: 8, busy: 8, please increase LSAPI_CHILDREN.
[UID:1613][1395494] Reached max children process limit: 6, extra: 2, current: 8, busy: 8, please increase LSAPI_CHILDREN.
[UID:1613][1395494] Reached max children process limit: 6, extra: 2, current: 8, busy: 8, please increase LSAPI_CHILDREN.
[UID:1613][1395494] Reached max children process limit: 6, extra: 2, current: 8, busy: 7, please increase LSAPI_CHILDREN.
[UID:1613][1395494] Reached max children process limit: 6, extra: 2, current: 8, busy: 8, please increase LSAPI_CHILDREN.
[UID:1613][1395494] Reached max children process limit: 6, extra: 2, current: 8, busy: 8, please increase LSAPI_CHILDREN.
[UID:1613][1395494] Reached max children process limit: 6, extra: 2, current: 8, busy: 7, please increase LSAPI_CHILDREN.
[UID:1613][1395494] Reached max children process limit: 6, extra: 2, current: 8, busy: 8, please increase LSAPI_CHILDREN.
[UID:1613][1395494] Reached max children process limit: 6, extra: 2, current: 8, busy: 8, please increase LSAPI_CHILDREN.
[UID:1613][1395494] Reached max children process limit: 6, extra: 2, current: 8, busy: 8, please increase LSAPI_CHILDREN.
<QuerySet [<Our_Certificate: Our_Certificate object (2)>]>
/usr/local/lsws/fcgi-bin/lswsgi_wrapper: line 9: /home/alnomang/virtualenv/alnoman/3.11/bin/set_env_vars.py: No such file or directory
[UID:1613][1395494] Child process with pid: 1520298 was killed by signal: 9, core dumped: no
[UID:1613][1395494] Child process with pid: 1587788 was killed by signal: 15, core dumped: no
/usr/local/lsws/fcgi-bin/lswsgi_wrapper: line 9: /home/alnomang/virtualenv/alnoman/3.11/bin/set_env_vars.py: No such file or directory
2
[UID:1613][1395494] Child process with pid: 1641204 was killed by signal: 15, core dumped: no
/usr/local/lsws/fcgi-bin/lswsgi_wrapper: line 9: /home/alnomang/virtualenv/alnoman/3.11/bin/set_env_vars.py: No such file or directory
2
2
2
/usr/local/lsws/fcgi-bin/lswsgi_wrapper: line 9: /home/alnomang/virtualenv/alnoman/3.11/bin/set_env_vars.py: No such file or directory
/usr/local/lsws/fcgi-bin/lswsgi_wrapper: line 9: /home/alnomang/virtualenv/alnoman/3.11/bin/set_env_vars.py: No such file or directory
/usr/local/lsws/fcgi-bin/lswsgi_wrapper: line 9: /home/alnomang/virtualenv/alnoman/3.11/bin/set_env_vars.py: No such file or directory
/usr/local/lsws/fcgi-bin/lswsgi_wrapper: line 9: /home/alnomang/virtualenv/alnoman/3.11/bin/set_env_vars.py: No such file or directory
/usr/local/lsws/fcgi-bin/lswsgi_wrapper: line 9: /home/alnomang/virtualenv/alnoman/3.11/bin/set_env_vars.py: No such file or directory
/usr/local/lsws/fcgi-bin/lswsgi_wrapper: line 9: /home/alnomang/virtualenv/alnoman/3.11/bin/set_env_vars.py: No such file or directory
/usr/local/lsws/fcgi-bin/lswsgi_wrapper: line 9: /home/alnomang/virtualenv/alnoman/3.11/bin/set_env_vars.py: No such file or directory
/usr/local/lsws/fcgi-bin/lswsgi_wrapper: line 9: /home/alnomang/virtualenv/alnoman/3.11/bin/set_env_vars.py: No such file or directory
/usr/local/lsws/fcgi-bin/lswsgi_wrapper: line 9: /home/alnomang/virtualenv/alnoman/3.11/bin/set_env_vars.py: No such file or directory
/usr/local/lsws/fcgi-bin/lswsgi_wrapper: line 9: /home/alnomang/virtualenv/alnoman/3.11/bin/set_env_vars.py: No such file or directory
/usr/local/lsws/fcgi-bin/lswsgi_wrapper: line 9: /home/alnomang/virtualenv/alnoman/3.11/bin/set_env_vars.py: No such file or directory
/usr/local/lsws/fcgi-bin/lswsgi_wrapper: line 9: /home/alnomang/virtualenv/alnoman/3.11/bin/set_env_vars.py: No such file or directory
/usr/local/lsws/fcgi-bin/lswsgi_wrapper: line 9: /home/alnomang/virtualenv/alnoman/3.11/bin/set_env_vars.py: No such file or directory
/usr/local/lsws/fcgi-bin/lswsgi_wrapper: line 9: /home/alnomang/virtualenv/alnoman/3.11/bin/set_env_vars.py: No such file or directory
/usr/local/lsws/fcgi-bin/lswsgi_wrapper: line 9: /home/alnomang/virtualenv/alnoman/3.11/bin/set_env_vars.py: No such file or directory
/usr/local/lsws/fcgi-bin/lswsgi_wrapper: line 9: /home/alnomang/virtualenv/alnoman/3.11/bin/set_env_vars.py: No such file or directory
/usr/local/lsws/fcgi-bin/lswsgi_wrapper: line 9: /home/alnomang/virtualenv/alnoman/3.11/bin/set_env_vars.py: No such file or directory
/usr/local/lsws/fcgi-bin/lswsgi_wrapper: line 9: /home/alnomang/virtualenv/alnoman/3.11/bin/set_env_vars.py: No such file or directory
/usr/local/lsws/fcgi-bin/lswsgi_wrapper: line 9: /home/alnomang/virtualenv/alnoman/3.11/bin/set_env_vars.py: No such file or directory
/usr/local/lsws/fcgi-bin/lswsgi_wrapper: line 9: /home/alnomang/virtualenv/alnoman/3.11/bin/set_env_vars.py: No such file or directory
/usr/local/lsws/fcgi-bin/lswsgi_wrapper: line 9: /home/alnomang/virtualenv/alnoman/3.11/bin/set_env_vars.py: No such file or directory
/usr/local/lsws/fcgi-bin/lswsgi_wrapper: line 9: /home/alnomang/virtualenv/alnoman/3.11/bin/set_env_vars.py: No such file or directory
/usr/local/lsws/fcgi-bin/lswsgi_wrapper: line 9: /home/alnomang/virtualenv/alnoman/3.11/bin/set_env_vars.py: No such file or directory
/usr/local/lsws/fcgi-bin/lswsgi_wrapper: line 9: /home/alnomang/virtualenv/alnoman/3.11/bin/set_env_vars.py: No such file or directory
/usr/local/lsws/fcgi-bin/lswsgi_wrapper: line 9: /home/alnomang/virtualenv/alnoman/3.11/bin/set_env_vars.py: No such file or directory
/usr/local/lsws/fcgi-bin/lswsgi_wrapper: line 9: /home/alnomang/virtualenv/alnoman/3.11/bin/set_env_vars.py: No such file or directory
/usr/local/lsws/fcgi-bin/lswsgi_wrapper: line 9: /home/alnomang/virtualenv/alnoman/3.11/bin/set_env_vars.py: No such file or directory
/usr/local/lsws/fcgi-bin/lswsgi_wrapper: line 9: /home/alnomang/virtualenv/alnoman/3.11/bin/set_env_vars.py: No such file or directory
/usr/local/lsws/fcgi-bin/lswsgi_wrapper: line 9: /home/alnomang/virtualenv/alnoman/3.11/bin/set_env_vars.py: No such file or directory
/usr/local/lsws/fcgi-bin/lswsgi_wrapper: line 9: /home/alnomang/virtualenv/alnoman/3.11/bin/set_env_vars.py: No such file or directory
/usr/local/lsws/fcgi-bin/lswsgi_wrapper: line 9: /home/alnomang/virtualenv/alnoman/3.11/bin/set_env_vars.py: No such file or directory
/usr/local/lsws/fcgi-bin/lswsgi_wrapper: line 9: /home/alnomang/virtualenv/alnoman/3.11/bin/set_env_vars.py: No such file or directory
/usr/local/lsws/fcgi-bin/lswsgi_wrapper: line 9: /home/alnomang/virtualenv/alnoman/3.11/bin/set_env_vars.py: No such file or directory
/usr/local/lsws/fcgi-bin/lswsgi_wrapper: line 9: /home/alnomang/virtualenv/alnoman/3.11/bin/set_env_vars.py: No such file or directory
/usr/local/lsws/fcgi-bin/lswsgi_wrapper: line 9: /home/alnomang/virtualenv/alnoman/3.11/bin/set_env_vars.py: No such file or directory
/usr/local/lsws/fcgi-bin/lswsgi_wrapper: line 9: /home/alnomang/virtualenv/alnoman/3.11/bin/set_env_vars.py: No such file or directory
/usr/local/lsws/fcgi-bin/lswsgi_wrapper: line 9: /home/alnomang/virtualenv/alnoman/3.11/bin/set_env_vars.py: No such file or directory
/usr/local/lsws/fcgi-bin/lswsgi_wrapper: line 9: /home/alnomang/virtualenv/alnoman/3.11/bin/set_env_vars.py: No such file or directory
/usr/local/lsws/fcgi-bin/lswsgi_wrapper: line 9: /home/alnomang/virtualenv/alnoman/3.11/bin/set_env_vars.py: No such file or directory
/usr/local/lsws/fcgi-bin/lswsgi_wrapper: line 9: /home/alnomang/virtualenv/alnoman/3.11/bin/set_env_vars.py: No such file or directory
/usr/local/lsws/fcgi-bin/lswsgi_wrapper: line 9: /home/alnomang/virtualenv/alnoman/3.11/bin/set_env_vars.py: No such file or directory
/usr/local/lsws/fcgi-bin/lswsgi_wrapper: line 9: /home/alnomang/virtualenv/alnoman/3.11/bin/set_env_vars.py: No such file or directory
/usr/local/lsws/fcgi-bin/lswsgi_wrapper: line 9: /home/alnomang/virtualenv/alnoman/3.11/bin/set_env_vars.py: No such file or directory
/usr/local/lsws/fcgi-bin/lswsgi_wrapper: line 9: /home/alnomang/virtualenv/alnoman/3.11/bin/set_env_vars.py: No such file or directory
/usr/local/lsws/fcgi-bin/lswsgi_wrapper: line 9: /home/alnomang/virtualenv/alnoman/3.11/bin/set_env_vars.py: No such file or directory
/usr/local/lsws/fcgi-bin/lswsgi_wrapper: line 9: /home/alnomang/virtualenv/alnoman/3.11/bin/set_env_vars.py: No such file or directory
/usr/local/lsws/fcgi-bin/lswsgi_wrapper: line 9: /home/alnomang/virtualenv/alnoman/3.11/bin/set_env_vars.py: No such file or directory
/usr/local/lsws/fcgi-bin/lswsgi_wrapper: line 9: /home/alnomang/virtualenv/alnoman/3.11/bin/set_env_vars.py: No such file or directory
/usr/local/lsws/fcgi-bin/lswsgi_wrapper: line 9: /home/alnomang/virtualenv/alnoman/3.11/bin/set_env_vars.py: No such file or directory
/usr/local/lsws/fcgi-bin/lswsgi_wrapper: line 9: /home/alnomang/virtualenv/alnoman/3.11/bin/set_env_vars.py: No such file or directory
/usr/local/lsws/fcgi-bin/lswsgi_wrapper: line 9: /home/alnomang/virtualenv/alnoman/3.11/bin/set_env_vars.py: No such file or directory
/usr/local/lsws/fcgi-bin/lswsgi_wrapper: line 9: /home/alnomang/virtualenv/alnoman/3.11/bin/set_env_vars.py: No such file or directory
/usr/local/lsws/fcgi-bin/lswsgi_wrapper: line 9: /home/alnomang/virtualenv/alnoman/3.11/bin/set_env_vars.py: No such file or directory
/usr/local/lsws/fcgi-bin/lswsgi_wrapper: line 9: /home/alnomang/virtualenv/alnoman/3.11/bin/set_env_vars.py: No such file or directory
/usr/local/lsws/fcgi-bin/lswsgi_wrapper: line 9: /home/alnomang/virtualenv/alnoman/3.11/bin/set_env_vars.py: No such file or directory
/usr/local/lsws/fcgi-bin/lswsgi_wrapper: line 9: /home/alnomang/virtualenv/alnoman/3.11/bin/set_env_vars.py: No such file or directory
/usr/local/lsws/fcgi-bin/lswsgi_wrapper: line 9: /home/alnomang/virtualenv/alnoman/3.11/bin/set_env_vars.py: No such file or directory
/usr/local/lsws/fcgi-bin/lswsgi_wrapper: line 9: /home/alnomang/virtualenv/alnoman/3.11/bin/set_env_vars.py: No such file or directory
/usr/local/lsws/fcgi-bin/lswsgi_wrapper: line 9: /home/alnomang/virtualenv/alnoman/3.11/bin/set_env_vars.py: No such file or directory
/usr/local/lsws/fcgi-bin/lswsgi_wrapper: line 9: /home/alnomang/virtualenv/alnoman/3.11/bin/set_env_vars.py: No such file or directory
/usr/local/lsws/fcgi-bin/lswsgi_wrapper: line 9: /home/alnomang/virtualenv/alnoman/3.11/bin/set_env_vars.py: No such file or directory
/usr/local/lsws/fcgi-bin/lswsgi_wrapper: line 9: /home/alnomang/virtualenv/alnoman/3.11/bin/set_env_vars.py: No such file or directory
/usr/local/lsws/fcgi-bin/lswsgi_wrapper: line 9: /home/alnomang/virtualenv/alnoman/3.11/bin/set_env_vars.py: No such file or directory
/usr/local/lsws/fcgi-bin/lswsgi_wrapper: line 9: /home/alnomang/virtualenv/alnoman/3.11/bin/set_env_vars.py: No such file or directory
/usr/local/lsws/fcgi-bin/lswsgi_wrapper: line 9: /home/alnomang/virtualenv/alnoman/3.11/bin/set_env_vars.py: No such file or directory
/usr/local/lsws/fcgi-bin/lswsgi_wrapper: line 9: /home/alnomang/virtualenv/alnoman/3.11/bin/set_env_vars.py: No such file or directory
/usr/local/lsws/fcgi-bin/lswsgi_wrapper: line 9: /home/alnomang/virtualenv/alnoman/3.11/bin/set_env_vars.py: No such file or directory
/usr/local/lsws/fcgi-bin/lswsgi_wrapper: line 9: /home/alnomang/virtualenv/alnoman/3.11/bin/set_env_vars.py: No such file or directory
/usr/local/lsws/fcgi-bin/lswsgi_wrapper: line 9: /home/alnomang/virtualenv/alnoman/3.11/bin/set_env_vars.py: No such file or directory
/usr/local/lsws/fcgi-bin/lswsgi_wrapper: line 9: /home/alnomang/virtualenv/alnoman/3.11/bin/set_env_vars.py: No such file or directory
/usr/local/lsws/fcgi-bin/lswsgi_wrapper: line 9: /home/alnomang/virtualenv/alnoman/3.11/bin/set_env_vars.py: No such file or directory
/usr/local/lsws/fcgi-bin/lswsgi_wrapper: line 9: /home/alnomang/virtualenv/alnoman/3.11/bin/set_env_vars.py: No such file or directory
/usr/local/lsws/fcgi-bin/lswsgi_wrapper: line 9: /home/alnomang/virtualenv/alnoman/3.11/bin/set_env_vars.py: No such file or directory
<QuerySet [<Our_Certificate: Our_Certificate object (2)>]>
/usr/local/lsws/fcgi-bin/lswsgi_wrapper: line 9: /home/alnomang/virtualenv/alnoman/3.11/bin/set_env_vars.py: No such file or directory
/usr/local/lsws/fcgi-bin/lswsgi_wrapper: line 9: /home/alnomang/virtualenv/alnoman/3.11/bin/set_env_vars.py: No such file or directory
/usr/local/lsws/fcgi-bin/lswsgi_wrapper: line 9: /home/alnomang/virtualenv/alnoman/3.11/bin/set_env_vars.py: No such file or directory
/usr/local/lsws/fcgi-bin/lswsgi_wrapper: line 9: /home/alnomang/virtualenv/alnoman/3.11/bin/set_env_vars.py: No such file or directory
/usr/local/lsws/fcgi-bin/lswsgi_wrapper: line 9: /home/alnomang/virtualenv/alnoman/3.11/bin/set_env_vars.py: No such file or directory
/usr/local/lsws/fcgi-bin/lswsgi_wrapper: line 9: /home/alnomang/virtualenv/alnoman/3.11/bin/set_env_vars.py: No such file or directory
/usr/local/lsws/fcgi-bin/lswsgi_wrapper: line 9: /home/alnomang/virtualenv/alnoman/3.11/bin/set_env_vars.py: No such file or directory
/usr/local/lsws/fcgi-bin/lswsgi_wrapper: line 9: /home/alnomang/virtualenv/alnoman/3.11/bin/set_env_vars.py: No such file or directory
<QuerySet [<Our_Certificate: Our_Certificate object (2)>]>
/usr/local/lsws/fcgi-bin/lswsgi_wrapper: line 9: /home/alnomang/virtualenv/alnoman/3.11/bin/set_env_vars.py: No such file or directory
/usr/local/lsws/fcgi-bin/lswsgi_wrapper: line 9: /home/alnomang/virtualenv/alnoman/3.11/bin/set_env_vars.py: No such file or directory
/usr/local/lsws/fcgi-bin/lswsgi_wrapper: line 9: /home/alnomang/virtualenv/alnoman/3.11/bin/set_env_vars.py: No such file or directory
/usr/local/lsws/fcgi-bin/lswsgi_wrapper: line 9: /home/alnomang/virtualenv/alnoman/3.11/bin/set_env_vars.py: No such file or directory
/usr/local/lsws/fcgi-bin/lswsgi_wrapper: line 9: /home/alnomang/virtualenv/alnoman/3.11/bin/set_env_vars.py: No such file or directory
/usr/local/lsws/fcgi-bin/lswsgi_wrapper: line 9: /home/alnomang/virtualenv/alnoman/3.11/bin/set_env_vars.py: No such file or directory
/usr/local/lsws/fcgi-bin/lswsgi_wrapper: line 9: /home/alnomang/virtualenv/alnoman/3.11/bin/set_env_vars.py: No such file or directory
/usr/local/lsws/fcgi-bin/lswsgi_wrapper: line 9: /home/alnomang/virtualenv/alnoman/3.11/bin/set_env_vars.py: No such file or directory
/usr/local/lsws/fcgi-bin/lswsgi_wrapper: line 9: /home/alnomang/virtualenv/alnoman/3.11/bin/set_env_vars.py: No such file or directory
/usr/local/lsws/fcgi-bin/lswsgi_wrapper: line 9: /home/alnomang/virtualenv/alnoman/3.11/bin/set_env_vars.py: No such file or directory
/usr/local/lsws/fcgi-bin/lswsgi_wrapper: line 9: /home/alnomang/virtualenv/alnoman/3.11/bin/set_env_vars.py: No such file or directory
/usr/local/lsws/fcgi-bin/lswsgi_wrapper: line 9: /home/alnomang/virtualenv/alnoman/3.11/bin/set_env_vars.py: No such file or directory
/usr/local/lsws/fcgi-bin/lswsgi_wrapper: line 9: /home/alnomang/virtualenv/alnoman/3.11/bin/set_env_vars.py: No such file or directory
/usr/local/lsws/fcgi-bin/lswsgi_wrapper: line 9: /home/alnomang/virtualenv/alnoman/3.11/bin/set_env_vars.py: No such file or directory
<QuerySet [<Our_Certificate: Our_Certificate object (2)>]>
/usr/local/lsws/fcgi-bin/lswsgi_wrapper: line 9: /home/alnomang/virtualenv/alnoman/3.11/bin/set_env_vars.py: No such file or directory
/usr/local/lsws/fcgi-bin/lswsgi_wrapper: line 9: /home/alnomang/virtualenv/alnoman/3.11/bin/set_env_vars.py: No such file or directory
/usr/local/lsws/fcgi-bin/lswsgi_wrapper: line 9: /home/alnomang/virtualenv/alnoman/3.11/bin/set_env_vars.py: No such file or directory
/usr/local/lsws/fcgi-bin/lswsgi_wrapper: line 9: /home/alnomang/virtualenv/alnoman/3.11/bin/set_env_vars.py: No such file or directory
/usr/local/lsws/fcgi-bin/lswsgi_wrapper: line 9: /home/alnomang/virtualenv/alnoman/3.11/bin/set_env_vars.py: No such file or directory
/usr/local/lsws/fcgi-bin/lswsgi_wrapper: line 9: /home/alnomang/virtualenv/alnoman/3.11/bin/set_env_vars.py: No such file or directory
/usr/local/lsws/fcgi-bin/lswsgi_wrapper: line 9: /home/alnomang/virtualenv/alnoman/3.11/bin/set_env_vars.py: No such file or directory
/usr/local/lsws/fcgi-bin/lswsgi_wrapper: line 9: /home/alnomang/virtualenv/alnoman/3.11/bin/set_env_vars.py: No such file or directory
[UID:1613][1075999] Child process with pid: 1078061 was killed by signal: 9, core dumped: no
[UID:1613][1075999] Child process with pid: 1080851 was killed by signal: 9, core dumped: no
/usr/local/lsws/fcgi-bin/lswsgi_wrapper: line 9: /home/alnomang/virtualenv/alnoman/3.11/bin/set_env_vars.py: No such file or directory
/usr/local/lsws/fcgi-bin/lswsgi_wrapper: line 9: /home/alnomang/virtualenv/alnoman/3.11/bin/set_env_vars.py: No such file or directory
/usr/local/lsws/fcgi-bin/lswsgi_wrapper: line 9: /home/alnomang/virtualenv/alnoman/3.11/bin/set_env_vars.py: No such file or directory
/usr/local/lsws/fcgi-bin/lswsgi_wrapper: line 9: /home/alnomang/virtualenv/alnoman/3.11/bin/set_env_vars.py: No such file or directory
/usr/local/lsws/fcgi-bin/lswsgi_wrapper: line 9: /home/alnomang/virtualenv/alnoman/3.11/bin/set_env_vars.py: No such file or directory
/usr/local/lsws/fcgi-bin/lswsgi_wrapper: line 9: /home/alnomang/virtualenv/alnoman/3.11/bin/set_env_vars.py: No such file or directory
/usr/local/lsws/fcgi-bin/lswsgi_wrapper: line 9: /home/alnomang/virtualenv/alnoman/3.11/bin/set_env_vars.py: No such file or directory
/usr/local/lsws/fcgi-bin/lswsgi_wrapper: line 9: /home/alnomang/virtualenv/alnoman/3.11/bin/set_env_vars.py: No such file or directory
3
4
[UID:1613][1321090] Child process with pid: 1359487 was killed by signal: 15, core dumped: no
2
/usr/local/lsws/fcgi-bin/lswsgi_wrapper: line 9: /home/alnomang/virtualenv/alnoman/3.11/bin/set_env_vars.py: No such file or directory
/usr/local/lsws/fcgi-bin/lswsgi_wrapper: line 9: /home/alnomang/virtualenv/alnoman/3.11/bin/set_env_vars.py: No such file or directory
/usr/local/lsws/fcgi-bin/lswsgi_wrapper: line 9: /home/alnomang/virtualenv/alnoman/3.11/bin/set_env_vars.py: No such file or directory
/usr/local/lsws/fcgi-bin/lswsgi_wrapper: line 9: /home/alnomang/virtualenv/alnoman/3.11/bin/set_env_vars.py: No such file or directory
/usr/local/lsws/fcgi-bin/lswsgi_wrapper: line 9: /home/alnomang/virtualenv/alnoman/3.11/bin/set_env_vars.py: No such file or directory
2
/usr/local/lsws/fcgi-bin/lswsgi_wrapper: line 9: /home/alnomang/virtualenv/alnoman/3.11/bin/set_env_vars.py: No such file or directory
/usr/local/lsws/fcgi-bin/lswsgi_wrapper: line 9: /home/alnomang/virtualenv/alnoman/3.11/bin/set_env_vars.py: No such file or directory
/usr/local/lsws/fcgi-bin/lswsgi_wrapper: line 9: /home/alnomang/virtualenv/alnoman/3.11/bin/set_env_vars.py: No such file or directory
/usr/local/lsws/fcgi-bin/lswsgi_wrapper: line 9: /home/alnomang/virtualenv/alnoman/3.11/bin/set_env_vars.py: No such file or directory
/usr/local/lsws/fcgi-bin/lswsgi_wrapper: line 9: /home/alnomang/virtualenv/alnoman/3.11/bin/set_env_vars.py: No such file or directory
/usr/local/lsws/fcgi-bin/lswsgi_wrapper: line 9: /home/alnomang/virtualenv/alnoman/3.11/bin/set_env_vars.py: No such file or directory
/usr/local/lsws/fcgi-bin/lswsgi_wrapper: line 9: /home/alnomang/virtualenv/alnoman/3.11/bin/set_env_vars.py: No such file or directory
/usr/local/lsws/fcgi-bin/lswsgi_wrapper: line 9: /home/alnomang/virtualenv/alnoman/3.11/bin/set_env_vars.py: No such file or directory
/usr/local/lsws/fcgi-bin/lswsgi_wrapper: line 9: /home/alnomang/virtualenv/alnoman/3.11/bin/set_env_vars.py: No such file or directory
/usr/local/lsws/fcgi-bin/lswsgi_wrapper: line 9: /home/alnomang/virtualenv/alnoman/3.11/bin/set_env_vars.py: No such file or directory
/usr/local/lsws/fcgi-bin/lswsgi_wrapper: line 9: /home/alnomang/virtualenv/alnoman/3.11/bin/set_env_vars.py: No such file or directory
/usr/local/lsws/fcgi-bin/lswsgi_wrapper: line 9: /home/alnomang/virtualenv/alnoman/3.11/bin/set_env_vars.py: No such file or directory
/usr/local/lsws/fcgi-bin/lswsgi_wrapper: line 9: /home/alnomang/virtualenv/alnoman/3.11/bin/set_env_vars.py: No such file or directory
/usr/local/lsws/fcgi-bin/lswsgi_wrapper: line 9: /home/alnomang/virtualenv/alnoman/3.11/bin/set_env_vars.py: No such file or directory
/usr/local/lsws/fcgi-bin/lswsgi_wrapper: line 9: /home/alnomang/virtualenv/alnoman/3.11/bin/set_env_vars.py: No such file or directory
/usr/local/lsws/fcgi-bin/lswsgi_wrapper: line 9: /home/alnomang/virtualenv/alnoman/3.11/bin/set_env_vars.py: No such file or directory
/usr/local/lsws/fcgi-bin/lswsgi_wrapper: line 9: /home/alnomang/virtualenv/alnoman/3.11/bin/set_env_vars.py: No such file or directory
/usr/local/lsws/fcgi-bin/lswsgi_wrapper: line 9: /home/alnomang/virtualenv/alnoman/3.11/bin/set_env_vars.py: No such file or directory
/usr/local/lsws/fcgi-bin/lswsgi_wrapper: line 9: /home/alnomang/virtualenv/alnoman/3.11/bin/set_env_vars.py: No such file or directory
/usr/local/lsws/fcgi-bin/lswsgi_wrapper: line 9: /home/alnomang/virtualenv/alnoman/3.11/bin/set_env_vars.py: No such file or directory
/usr/local/lsws/fcgi-bin/lswsgi_wrapper: line 9: /home/alnomang/virtualenv/alnoman/3.11/bin/set_env_vars.py: No such file or directory
<QuerySet [<Our_Certificate: Our_Certificate object (2)>]>
/usr/local/lsws/fcgi-bin/lswsgi_wrapper: line 9: /home/alnomang/virtualenv/alnoman/3.11/bin/set_env_vars.py: No such file or directory
[UID:1613][1935766] Child process with pid: 1935830 was killed by signal: 15, core dumped: no
4
3
2
<QuerySet [<Our_Certificate: Our_Certificate object (2)>]>
/usr/local/lsws/fcgi-bin/lswsgi_wrapper: line 9: /home/alnomang/virtualenv/alnoman/3.11/bin/set_env_vars.py: No such file or directory
[UID:1613][1977369] Child process with pid: 1977414 was killed by signal: 15, core dumped: no
2
2
3
4
4
/usr/local/lsws/fcgi-bin/lswsgi_wrapper: line 9: /home/alnomang/virtualenv/alnoman/3.11/bin/set_env_vars.py: No such file or directory
/usr/local/lsws/fcgi-bin/lswsgi_wrapper: line 9: /home/alnomang/virtualenv/alnoman/3.11/bin/set_env_vars.py: No such file or directory
/usr/local/lsws/fcgi-bin/lswsgi_wrapper: line 9: /home/alnomang/virtualenv/alnoman/3.11/bin/set_env_vars.py: No such file or directory
/usr/local/lsws/fcgi-bin/lswsgi_wrapper: line 9: /home/alnomang/virtualenv/alnoman/3.11/bin/set_env_vars.py: No such file or directory
/usr/local/lsws/fcgi-bin/lswsgi_wrapper: line 9: /home/alnomang/virtualenv/alnoman/3.11/bin/set_env_vars.py: No such file or directory
/usr/local/lsws/fcgi-bin/lswsgi_wrapper: line 9: /home/alnomang/virtualenv/alnoman/3.11/bin/set_env_vars.py: No such file or directory
/usr/local/lsws/fcgi-bin/lswsgi_wrapper: line 9: /home/alnomang/virtualenv/alnoman/3.11/bin/set_env_vars.py: No such file or directory
/usr/local/lsws/fcgi-bin/lswsgi_wrapper: line 9: /home/alnomang/virtualenv/alnoman/3.11/bin/set_env_vars.py: No such file or directory
/usr/local/lsws/fcgi-bin/lswsgi_wrapper: line 9: /home/alnomang/virtualenv/alnoman/3.11/bin/set_env_vars.py: No such file or directory
/usr/local/lsws/fcgi-bin/lswsgi_wrapper: line 9: /home/alnomang/virtualenv/alnoman/3.11/bin/set_env_vars.py: No such file or directory
[UID:1613][2449702] Reached max children process limit: 6, extra: 2, current: 8, busy: 8, please increase LSAPI_CHILDREN.
[UID:1613][2449702] Reached max children process limit: 6, extra: 2, current: 8, busy: 8, please increase LSAPI_CHILDREN.
[UID:1613][2449702] Reached max children process limit: 6, extra: 2, current: 8, busy: 8, please increase LSAPI_CHILDREN.
[UID:1613][2449702] Reached max children process limit: 6, extra: 2, current: 8, busy: 8, please increase LSAPI_CHILDREN.
[UID:1613][2449702] Reached max children process limit: 6, extra: 2, current: 8, busy: 8, please increase LSAPI_CHILDREN.
[UID:1613][2449702] Reached max children process limit: 6, extra: 2, current: 8, busy: 8, please increase LSAPI_CHILDREN.
[UID:1613][2449702] Reached max children process limit: 6, extra: 2, current: 8, busy: 8, please increase LSAPI_CHILDREN.
[UID:1613][2449702] Reached max children process limit: 6, extra: 2, current: 8, busy: 8, please increase LSAPI_CHILDREN.
[UID:1613][2449702] Reached max children process limit: 6, extra: 2, current: 8, busy: 8, please increase LSAPI_CHILDREN.
[UID:1613][2449702] Reached max children process limit: 6, extra: 2, current: 8, busy: 8, please increase LSAPI_CHILDREN.
[UID:1613][2449702] Reached max children process limit: 6, extra: 2, current: 8, busy: 8, please increase LSAPI_CHILDREN.
[UID:1613][2449702] Reached max children process limit: 6, extra: 2, current: 8, busy: 8, please increase LSAPI_CHILDREN.
[UID:1613][2449702] Reached max children process limit: 6, extra: 2, current: 8, busy: 7, please increase LSAPI_CHILDREN.
[UID:1613][2449702] Reached max children process limit: 6, extra: 2, current: 8, busy: 8, please increase LSAPI_CHILDREN.
[UID:1613][2449702] Reached max children process limit: 6, extra: 2, current: 8, busy: 8, please increase LSAPI_CHILDREN.
[UID:1613][2449702] Reached max children process limit: 6, extra: 2, current: 8, busy: 8, please increase LSAPI_CHILDREN.
[UID:1613][2449702] Reached max children process limit: 6, extra: 2, current: 8, busy: 8, please increase LSAPI_CHILDREN.
[UID:1613][2449702] Reached max children process limit: 6, extra: 2, current: 8, busy: 8, please increase LSAPI_CHILDREN.
[UID:1613][2449702] Reached max children process limit: 6, extra: 2, current: 8, busy: 8, please increase LSAPI_CHILDREN.
[UID:1613][2449702] Reached max children process limit: 6, extra: 2, current: 8, busy: 8, please increase LSAPI_CHILDREN.
[UID:1613][2449702] Reached max children process limit: 6, extra: 2, current: 8, busy: 8, please increase LSAPI_CHILDREN.
[UID:1613][2449702] Reached max children process limit: 6, extra: 2, current: 8, busy: 8, please increase LSAPI_CHILDREN.
[UID:1613][2449702] Reached max children process limit: 6, extra: 2, current: 8, busy: 7, please increase LSAPI_CHILDREN.
[UID:1613][2449702] Reached max children process limit: 6, extra: 2, current: 8, busy: 8, please increase LSAPI_CHILDREN.
[UID:1613][2449702] Reached max children process limit: 6, extra: 2, current: 8, busy: 8, please increase LSAPI_CHILDREN.
[UID:1613][2449702] Reached max children process limit: 6, extra: 2, current: 8, busy: 8, please increase LSAPI_CHILDREN.
[UID:1613][2449702] Reached max children process limit: 6, extra: 2, current: 8, busy: 8, please increase LSAPI_CHILDREN.
[UID:1613][2449702] Reached max children process limit: 6, extra: 2, current: 8, busy: 8, please increase LSAPI_CHILDREN.
[UID:1613][2449702] Reached max children process limit: 6, extra: 2, current: 8, busy: 7, please increase LSAPI_CHILDREN.
[UID:1613][2449702] Reached max children process limit: 6, extra: 2, current: 8, busy: 8, please increase LSAPI_CHILDREN.
[UID:1613][2449702] Reached max children process limit: 6, extra: 2, current: 8, busy: 8, please increase LSAPI_CHILDREN.
[UID:1613][2449702] Reached max children process limit: 6, extra: 2, current: 8, busy: 8, please increase LSAPI_CHILDREN.
[UID:1613][2449702] Reached max children process limit: 6, extra: 2, current: 8, busy: 8, please increase LSAPI_CHILDREN.
[UID:1613][2449702] Reached max children process limit: 6, extra: 2, current: 8, busy: 8, please increase LSAPI_CHILDREN.
[UID:1613][2449702] Reached max children process limit: 6, extra: 2, current: 8, busy: 8, please increase LSAPI_CHILDREN.
[UID:1613][2449702] Reached max children process limit: 6, extra: 2, current: 8, busy: 7, please increase LSAPI_CHILDREN.
/usr/local/lsws/fcgi-bin/lswsgi_wrapper: line 9: /home/alnomang/virtualenv/alnoman/3.11/bin/set_env_vars.py: No such file or directory
/usr/local/lsws/fcgi-bin/lswsgi_wrapper: line 9: /home/alnomang/virtualenv/alnoman/3.11/bin/set_env_vars.py: No such file or directory
/usr/local/lsws/fcgi-bin/lswsgi_wrapper: line 9: /home/alnomang/virtualenv/alnoman/3.11/bin/set_env_vars.py: No such file or directory
/usr/local/lsws/fcgi-bin/lswsgi_wrapper: line 9: /home/alnomang/virtualenv/alnoman/3.11/bin/set_env_vars.py: No such file or directory
/usr/local/lsws/fcgi-bin/lswsgi_wrapper: line 9: /home/alnomang/virtualenv/alnoman/3.11/bin/set_env_vars.py: No such file or directory
/usr/local/lsws/fcgi-bin/lswsgi_wrapper: line 9: /home/alnomang/virtualenv/alnoman/3.11/bin/set_env_vars.py: No such file or directory
/usr/local/lsws/fcgi-bin/lswsgi_wrapper: line 9: /home/alnomang/virtualenv/alnoman/3.11/bin/set_env_vars.py: No such file or directory
/usr/local/lsws/fcgi-bin/lswsgi_wrapper: line 9: /home/alnomang/virtualenv/alnoman/3.11/bin/set_env_vars.py: No such file or directory
/usr/local/lsws/fcgi-bin/lswsgi_wrapper: line 9: /home/alnomang/virtualenv/alnoman/3.11/bin/set_env_vars.py: No such file or directory
/usr/local/lsws/fcgi-bin/lswsgi_wrapper: line 9: /home/alnomang/virtualenv/alnoman/3.11/bin/set_env_vars.py: No such file or directory
/usr/local/lsws/fcgi-bin/lswsgi_wrapper: line 9: /home/alnomang/virtualenv/alnoman/3.11/bin/set_env_vars.py: No such file or directory
/usr/local/lsws/fcgi-bin/lswsgi_wrapper: line 9: /home/alnomang/virtualenv/alnoman/3.11/bin/set_env_vars.py: No such file or directory
/usr/local/lsws/fcgi-bin/lswsgi_wrapper: line 9: /home/alnomang/virtualenv/alnoman/3.11/bin/set_env_vars.py: No such file or directory
/usr/local/lsws/fcgi-bin/lswsgi_wrapper: line 9: /home/alnomang/virtualenv/alnoman/3.11/bin/set_env_vars.py: No such file or directory
/usr/local/lsws/fcgi-bin/lswsgi_wrapper: line 9: /home/alnomang/virtualenv/alnoman/3.11/bin/set_env_vars.py: No such file or directory
/usr/local/lsws/fcgi-bin/lswsgi_wrapper: line 9: /home/alnomang/virtualenv/alnoman/3.11/bin/set_env_vars.py: No such file or directory
/usr/local/lsws/fcgi-bin/lswsgi_wrapper: line 9: /home/alnomang/virtualenv/alnoman/3.11/bin/set_env_vars.py: No such file or directory
/usr/local/lsws/fcgi-bin/lswsgi_wrapper: line 9: /home/alnomang/virtualenv/alnoman/3.11/bin/set_env_vars.py: No such file or directory
4
/usr/local/lsws/fcgi-bin/lswsgi_wrapper: line 9: /home/alnomang/virtualenv/alnoman/3.11/bin/set_env_vars.py: No such file or directory
/usr/local/lsws/fcgi-bin/lswsgi_wrapper: line 9: /home/alnomang/virtualenv/alnoman/3.11/bin/set_env_vars.py: No such file or directory
/usr/local/lsws/fcgi-bin/lswsgi_wrapper: line 9: /home/alnomang/virtualenv/alnoman/3.11/bin/set_env_vars.py: No such file or directory
/usr/local/lsws/fcgi-bin/lswsgi_wrapper: line 9: /home/alnomang/virtualenv/alnoman/3.11/bin/set_env_vars.py: No such file or directory
/usr/local/lsws/fcgi-bin/lswsgi_wrapper: line 9: /home/alnomang/virtualenv/alnoman/3.11/bin/set_env_vars.py: No such file or directory
[UID:1613][3113346] Reached max children process limit: 6, extra: 2, current: 8, busy: 8, please increase LSAPI_CHILDREN.
[UID:1613][3113346] Reached max children process limit: 6, extra: 2, current: 8, busy: 8, please increase LSAPI_CHILDREN.
/usr/local/lsws/fcgi-bin/lswsgi_wrapper: line 9: /home/alnomang/virtualenv/alnoman/3.11/bin/set_env_vars.py: No such file or directory
/usr/local/lsws/fcgi-bin/lswsgi_wrapper: line 9: /home/alnomang/virtualenv/alnoman/3.11/bin/set_env_vars.py: No such file or directory
/usr/local/lsws/fcgi-bin/lswsgi_wrapper: line 9: /home/alnomang/virtualenv/alnoman/3.11/bin/set_env_vars.py: No such file or directory
/usr/local/lsws/fcgi-bin/lswsgi_wrapper: line 9: /home/alnomang/virtualenv/alnoman/3.11/bin/set_env_vars.py: No such file or directory
/usr/local/lsws/fcgi-bin/lswsgi_wrapper: line 9: /home/alnomang/virtualenv/alnoman/3.11/bin/set_env_vars.py: No such file or directory
/usr/local/lsws/fcgi-bin/lswsgi_wrapper: line 9: /home/alnomang/virtualenv/alnoman/3.11/bin/set_env_vars.py: No such file or directory
/usr/local/lsws/fcgi-bin/lswsgi_wrapper: line 9: /home/alnomang/virtualenv/alnoman/3.11/bin/set_env_vars.py: No such file or directory
/usr/local/lsws/fcgi-bin/lswsgi_wrapper: line 9: /home/alnomang/virtualenv/alnoman/3.11/bin/set_env_vars.py: No such file or directory
/usr/local/lsws/fcgi-bin/lswsgi_wrapper: line 9: /home/alnomang/virtualenv/alnoman/3.11/bin/set_env_vars.py: No such file or directory
/usr/local/lsws/fcgi-bin/lswsgi_wrapper: line 9: /home/alnomang/virtualenv/alnoman/3.11/bin/set_env_vars.py: No such file or directory
/usr/local/lsws/fcgi-bin/lswsgi_wrapper: line 9: /home/alnomang/virtualenv/alnoman/3.11/bin/set_env_vars.py: No such file or directory
/usr/local/lsws/fcgi-bin/lswsgi_wrapper: line 9: /home/alnomang/virtualenv/alnoman/3.11/bin/set_env_vars.py: No such file or directory
/usr/local/lsws/fcgi-bin/lswsgi_wrapper: line 9: /home/alnomang/virtualenv/alnoman/3.11/bin/set_env_vars.py: No such file or directory
/usr/local/lsws/fcgi-bin/lswsgi_wrapper: line 9: /home/alnomang/virtualenv/alnoman/3.11/bin/set_env_vars.py: No such file or directory
/usr/local/lsws/fcgi-bin/lswsgi_wrapper: line 9: /home/alnomang/virtualenv/alnoman/3.11/bin/set_env_vars.py: No such file or directory
/usr/local/lsws/fcgi-bin/lswsgi_wrapper: line 9: /home/alnomang/virtualenv/alnoman/3.11/bin/set_env_vars.py: No such file or directory
/usr/local/lsws/fcgi-bin/lswsgi_wrapper: line 9: /home/alnomang/virtualenv/alnoman/3.11/bin/set_env_vars.py: No such file or directory
/usr/local/lsws/fcgi-bin/lswsgi_wrapper: line 9: /home/alnomang/virtualenv/alnoman/3.11/bin/set_env_vars.py: No such file or directory
<QuerySet [<Our_Certificate: Our_Certificate object (2)>]>
/usr/local/lsws/fcgi-bin/lswsgi_wrapper: line 9: /home/alnomang/virtualenv/alnoman/3.11/bin/set_env_vars.py: No such file or directory
/usr/local/lsws/fcgi-bin/lswsgi_wrapper: line 9: /home/alnomang/virtualenv/alnoman/3.11/bin/set_env_vars.py: No such file or directory
/usr/local/lsws/fcgi-bin/lswsgi_wrapper: line 9: /home/alnomang/virtualenv/alnoman/3.11/bin/set_env_vars.py: No such file or directory
4
/usr/local/lsws/fcgi-bin/lswsgi_wrapper: line 9: /home/alnomang/virtualenv/alnoman/3.11/bin/set_env_vars.py: No such file or directory
/usr/local/lsws/fcgi-bin/lswsgi_wrapper: line 9: /home/alnomang/virtualenv/alnoman/3.11/bin/set_env_vars.py: No such file or directory
/usr/local/lsws/fcgi-bin/lswsgi_wrapper: line 9: /home/alnomang/virtualenv/alnoman/3.11/bin/set_env_vars.py: No such file or directory
/usr/local/lsws/fcgi-bin/lswsgi_wrapper: line 9: /home/alnomang/virtualenv/alnoman/3.11/bin/set_env_vars.py: No such file or directory
/usr/local/lsws/fcgi-bin/lswsgi_wrapper: line 9: /home/alnomang/virtualenv/alnoman/3.11/bin/set_env_vars.py: No such file or directory
/usr/local/lsws/fcgi-bin/lswsgi_wrapper: line 9: /home/alnomang/virtualenv/alnoman/3.11/bin/set_env_vars.py: No such file or directory
/usr/local/lsws/fcgi-bin/lswsgi_wrapper: line 9: /home/alnomang/virtualenv/alnoman/3.11/bin/set_env_vars.py: No such file or directory
/usr/local/lsws/fcgi-bin/lswsgi_wrapper: line 9: /home/alnomang/virtualenv/alnoman/3.11/bin/set_env_vars.py: No such file or directory
/usr/local/lsws/fcgi-bin/lswsgi_wrapper: line 9: /home/alnomang/virtualenv/alnoman/3.11/bin/set_env_vars.py: No such file or directory
/usr/local/lsws/fcgi-bin/lswsgi_wrapper: line 9: /home/alnomang/virtualenv/alnoman/3.11/bin/set_env_vars.py: No such file or directory
/usr/local/lsws/fcgi-bin/lswsgi_wrapper: line 9: /home/alnomang/virtualenv/alnoman/3.11/bin/set_env_vars.py: No such file or directory
/usr/local/lsws/fcgi-bin/lswsgi_wrapper: line 9: /home/alnomang/virtualenv/alnoman/3.11/bin/set_env_vars.py: No such file or directory
/usr/local/lsws/fcgi-bin/lswsgi_wrapper: line 9: /home/alnomang/virtualenv/alnoman/3.11/bin/set_env_vars.py: No such file or directory
/usr/local/lsws/fcgi-bin/lswsgi_wrapper: line 9: /home/alnomang/virtualenv/alnoman/3.11/bin/set_env_vars.py: No such file or directory
/usr/local/lsws/fcgi-bin/lswsgi_wrapper: line 9: /home/alnomang/virtualenv/alnoman/3.11/bin/set_env_vars.py: No such file or directory
/usr/local/lsws/fcgi-bin/lswsgi_wrapper: line 9: /home/alnomang/virtualenv/alnoman/3.11/bin/set_env_vars.py: No such file or directory
/usr/local/lsws/fcgi-bin/lswsgi_wrapper: line 9: /home/alnomang/virtualenv/alnoman/3.11/bin/set_env_vars.py: No such file or directory
/usr/local/lsws/fcgi-bin/lswsgi_wrapper: line 9: /home/alnomang/virtualenv/alnoman/3.11/bin/set_env_vars.py: No such file or directory
/usr/local/lsws/fcgi-bin/lswsgi_wrapper: line 9: /home/alnomang/virtualenv/alnoman/3.11/bin/set_env_vars.py: No such file or directory
/usr/local/lsws/fcgi-bin/lswsgi_wrapper: line 9: /home/alnomang/virtualenv/alnoman/3.11/bin/set_env_vars.py: No such file or directory
/usr/local/lsws/fcgi-bin/lswsgi_wrapper: line 9: /home/alnomang/virtualenv/alnoman/3.11/bin/set_env_vars.py: No such file or directory
/usr/local/lsws/fcgi-bin/lswsgi_wrapper: line 9: /home/alnomang/virtualenv/alnoman/3.11/bin/set_env_vars.py: No such file or directory
/usr/local/lsws/fcgi-bin/lswsgi_wrapper: line 9: /home/alnomang/virtualenv/alnoman/3.11/bin/set_env_vars.py: No such file or directory
/usr/local/lsws/fcgi-bin/lswsgi_wrapper: line 9: /home/alnomang/virtualenv/alnoman/3.11/bin/set_env_vars.py: No such file or directory
/usr/local/lsws/fcgi-bin/lswsgi_wrapper: line 9: /home/alnomang/virtualenv/alnoman/3.11/bin/set_env_vars.py: No such file or directory
/usr/local/lsws/fcgi-bin/lswsgi_wrapper: line 9: /home/alnomang/virtualenv/alnoman/3.11/bin/set_env_vars.py: No such file or directory
/usr/local/lsws/fcgi-bin/lswsgi_wrapper: line 9: /home/alnomang/virtualenv/alnoman/3.11/bin/set_env_vars.py: No such file or directory
/usr/local/lsws/fcgi-bin/lswsgi_wrapper: line 9: /home/alnomang/virtualenv/alnoman/3.11/bin/set_env_vars.py: No such file or directory
/usr/local/lsws/fcgi-bin/lswsgi_wrapper: line 9: /home/alnomang/virtualenv/alnoman/3.11/bin/set_env_vars.py: No such file or directory
/usr/local/lsws/fcgi-bin/lswsgi_wrapper: line 9: /home/alnomang/virtualenv/alnoman/3.11/bin/set_env_vars.py: No such file or directory
/usr/local/lsws/fcgi-bin/lswsgi_wrapper: line 9: /home/alnomang/virtualenv/alnoman/3.11/bin/set_env_vars.py: No such file or directory
/usr/local/lsws/fcgi-bin/lswsgi_wrapper: line 9: /home/alnomang/virtualenv/alnoman/3.11/bin/set_env_vars.py: No such file or directory
/usr/local/lsws/fcgi-bin/lswsgi_wrapper: line 9: /home/alnomang/virtualenv/alnoman/3.11/bin/set_env_vars.py: No such file or directory
/usr/local/lsws/fcgi-bin/lswsgi_wrapper: line 9: /home/alnomang/virtualenv/alnoman/3.11/bin/set_env_vars.py: No such file or directory
/usr/local/lsws/fcgi-bin/lswsgi_wrapper: line 9: /home/alnomang/virtualenv/alnoman/3.11/bin/set_env_vars.py: No such file or directory
/usr/local/lsws/fcgi-bin/lswsgi_wrapper: line 9: /home/alnomang/virtualenv/alnoman/3.11/bin/set_env_vars.py: No such file or directory
/usr/local/lsws/fcgi-bin/lswsgi_wrapper: line 9: /home/alnomang/virtualenv/alnoman/3.11/bin/set_env_vars.py: No such file or directory
/usr/local/lsws/fcgi-bin/lswsgi_wrapper: line 9: /home/alnomang/virtualenv/alnoman/3.11/bin/set_env_vars.py: No such file or directory
/usr/local/lsws/fcgi-bin/lswsgi_wrapper: line 9: /home/alnomang/virtualenv/alnoman/3.11/bin/set_env_vars.py: No such file or directory
/usr/local/lsws/fcgi-bin/lswsgi_wrapper: line 9: /home/alnomang/virtualenv/alnoman/3.11/bin/set_env_vars.py: No such file or directory
/usr/local/lsws/fcgi-bin/lswsgi_wrapper: line 9: /home/alnomang/virtualenv/alnoman/3.11/bin/set_env_vars.py: No such file or directory
/usr/local/lsws/fcgi-bin/lswsgi_wrapper: line 9: /home/alnomang/virtualenv/alnoman/3.11/bin/set_env_vars.py: No such file or directory
/usr/local/lsws/fcgi-bin/lswsgi_wrapper: line 9: /home/alnomang/virtualenv/alnoman/3.11/bin/set_env_vars.py: No such file or directory
<QuerySet [<Our_Certificate: Our_Certificate object (2)>]>
/usr/local/lsws/fcgi-bin/lswsgi_wrapper: line 9: /home/alnomang/virtualenv/alnoman/3.11/bin/set_env_vars.py: No such file or directory
/usr/local/lsws/fcgi-bin/lswsgi_wrapper: line 9: /home/alnomang/virtualenv/alnoman/3.11/bin/set_env_vars.py: No such file or directory
/usr/local/lsws/fcgi-bin/lswsgi_wrapper: line 9: /home/alnomang/virtualenv/alnoman/3.11/bin/set_env_vars.py: No such file or directory
/usr/local/lsws/fcgi-bin/lswsgi_wrapper: line 9: /home/alnomang/virtualenv/alnoman/3.11/bin/set_env_vars.py: No such file or directory
/usr/local/lsws/fcgi-bin/lswsgi_wrapper: line 9: /home/alnomang/virtualenv/alnoman/3.11/bin/set_env_vars.py: No such file or directory
/usr/local/lsws/fcgi-bin/lswsgi_wrapper: line 9: /home/alnomang/virtualenv/alnoman/3.11/bin/set_env_vars.py: No such file or directory
/usr/local/lsws/fcgi-bin/lswsgi_wrapper: line 9: /home/alnomang/virtualenv/alnoman/3.11/bin/set_env_vars.py: No such file or directory
/usr/local/lsws/fcgi-bin/lswsgi_wrapper: line 9: /home/alnomang/virtualenv/alnoman/3.11/bin/set_env_vars.py: No such file or directory
/usr/local/lsws/fcgi-bin/lswsgi_wrapper: line 9: /home/alnomang/virtualenv/alnoman/3.11/bin/set_env_vars.py: No such file or directory
/usr/local/lsws/fcgi-bin/lswsgi_wrapper: line 9: /home/alnomang/virtualenv/alnoman/3.11/bin/set_env_vars.py: No such file or directory
/usr/local/lsws/fcgi-bin/lswsgi_wrapper: line 9: /home/alnomang/virtualenv/alnoman/3.11/bin/set_env_vars.py: No such file or directory
<QuerySet [<Our_Certificate: Our_Certificate object (2)>]>
/usr/local/lsws/fcgi-bin/lswsgi_wrapper: line 9: /home/alnomang/virtualenv/alnoman/3.11/bin/set_env_vars.py: No such file or directory
/usr/local/lsws/fcgi-bin/lswsgi_wrapper: line 9: /home/alnomang/virtualenv/alnoman/3.11/bin/set_env_vars.py: No such file or directory
/usr/local/lsws/fcgi-bin/lswsgi_wrapper: line 9: /home/alnomang/virtualenv/alnoman/3.11/bin/set_env_vars.py: No such file or directory
/usr/local/lsws/fcgi-bin/lswsgi_wrapper: line 9: /home/alnomang/virtualenv/alnoman/3.11/bin/set_env_vars.py: No such file or directory
/usr/local/lsws/fcgi-bin/lswsgi_wrapper: line 9: /home/alnomang/virtualenv/alnoman/3.11/bin/set_env_vars.py: No such file or directory
/usr/local/lsws/fcgi-bin/lswsgi_wrapper: line 9: /home/alnomang/virtualenv/alnoman/3.11/bin/set_env_vars.py: No such file or directory
/usr/local/lsws/fcgi-bin/lswsgi_wrapper: line 9: /home/alnomang/virtualenv/alnoman/3.11/bin/set_env_vars.py: No such file or directory
/usr/local/lsws/fcgi-bin/lswsgi_wrapper: line 9: /home/alnomang/virtualenv/alnoman/3.11/bin/set_env_vars.py: No such file or directory
/usr/local/lsws/fcgi-bin/lswsgi_wrapper: line 9: /home/alnomang/virtualenv/alnoman/3.11/bin/set_env_vars.py: No such file or directory
/usr/local/lsws/fcgi-bin/lswsgi_wrapper: line 9: /home/alnomang/virtualenv/alnoman/3.11/bin/set_env_vars.py: No such file or directory
/usr/local/lsws/fcgi-bin/lswsgi_wrapper: line 9: /home/alnomang/virtualenv/alnoman/3.11/bin/set_env_vars.py: No such file or directory
/usr/local/lsws/fcgi-bin/lswsgi_wrapper: line 9: /home/alnomang/virtualenv/alnoman/3.11/bin/set_env_vars.py: No such file or directory
/usr/local/lsws/fcgi-bin/lswsgi_wrapper: line 9: /home/alnomang/virtualenv/alnoman/3.11/bin/set_env_vars.py: No such file or directory
/usr/local/lsws/fcgi-bin/lswsgi_wrapper: line 9: /home/alnomang/virtualenv/alnoman/3.11/bin/set_env_vars.py: No such file or directory
/usr/local/lsws/fcgi-bin/lswsgi_wrapper: line 9: /home/alnomang/virtualenv/alnoman/3.11/bin/set_env_vars.py: No such file or directory
/usr/local/lsws/fcgi-bin/lswsgi_wrapper: line 9: /home/alnomang/virtualenv/alnoman/3.11/bin/set_env_vars.py: No such file or directory
/usr/local/lsws/fcgi-bin/lswsgi_wrapper: line 9: /home/alnomang/virtualenv/alnoman/3.11/bin/set_env_vars.py: No such file or directory
/usr/local/lsws/fcgi-bin/lswsgi_wrapper: line 9: /home/alnomang/virtualenv/alnoman/3.11/bin/set_env_vars.py: No such file or directory
/usr/local/lsws/fcgi-bin/lswsgi_wrapper: line 9: /home/alnomang/virtualenv/alnoman/3.11/bin/set_env_vars.py: No such file or directory
/usr/local/lsws/fcgi-bin/lswsgi_wrapper: line 9: /home/alnomang/virtualenv/alnoman/3.11/bin/set_env_vars.py: No such file or directory
/usr/local/lsws/fcgi-bin/lswsgi_wrapper: line 9: /home/alnomang/virtualenv/alnoman/3.11/bin/set_env_vars.py: No such file or directory
/usr/local/lsws/fcgi-bin/lswsgi_wrapper: line 9: /home/alnomang/virtualenv/alnoman/3.11/bin/set_env_vars.py: No such file or directory
/usr/local/lsws/fcgi-bin/lswsgi_wrapper: line 9: /home/alnomang/virtualenv/alnoman/3.11/bin/set_env_vars.py: No such file or directory
/usr/local/lsws/fcgi-bin/lswsgi_wrapper: line 9: /home/alnomang/virtualenv/alnoman/3.11/bin/set_env_vars.py: No such file or directory
/usr/local/lsws/fcgi-bin/lswsgi_wrapper: line 9: /home/alnomang/virtualenv/alnoman/3.11/bin/set_env_vars.py: No such file or directory
/usr/local/lsws/fcgi-bin/lswsgi_wrapper: line 9: /home/alnomang/virtualenv/alnoman/3.11/bin/set_env_vars.py: No such file or directory
/usr/local/lsws/fcgi-bin/lswsgi_wrapper: line 9: /home/alnomang/virtualenv/alnoman/3.11/bin/set_env_vars.py: No such file or directory
/usr/local/lsws/fcgi-bin/lswsgi_wrapper: line 9: /home/alnomang/virtualenv/alnoman/3.11/bin/set_env_vars.py: No such file or directory
/usr/local/lsws/fcgi-bin/lswsgi_wrapper: line 9: /home/alnomang/virtualenv/alnoman/3.11/bin/set_env_vars.py: No such file or directory
/usr/local/lsws/fcgi-bin/lswsgi_wrapper: line 9: /home/alnomang/virtualenv/alnoman/3.11/bin/set_env_vars.py: No such file or directory
/usr/local/lsws/fcgi-bin/lswsgi_wrapper: line 9: /home/alnomang/virtualenv/alnoman/3.11/bin/set_env_vars.py: No such file or directory
/usr/local/lsws/fcgi-bin/lswsgi_wrapper: line 9: /home/alnomang/virtualenv/alnoman/3.11/bin/set_env_vars.py: No such file or directory
/usr/local/lsws/fcgi-bin/lswsgi_wrapper: line 9: /home/alnomang/virtualenv/alnoman/3.11/bin/set_env_vars.py: No such file or directory
/usr/local/lsws/fcgi-bin/lswsgi_wrapper: line 9: /home/alnomang/virtualenv/alnoman/3.11/bin/set_env_vars.py: No such file or directory
/usr/local/lsws/fcgi-bin/lswsgi_wrapper: line 9: /home/alnomang/virtualenv/alnoman/3.11/bin/set_env_vars.py: No such file or directory
/usr/local/lsws/fcgi-bin/lswsgi_wrapper: line 9: /home/alnomang/virtualenv/alnoman/3.11/bin/set_env_vars.py: No such file or directory
/usr/local/lsws/fcgi-bin/lswsgi_wrapper: line 9: /home/alnomang/virtualenv/alnoman/3.11/bin/set_env_vars.py: No such file or directory
/usr/local/lsws/fcgi-bin/lswsgi_wrapper: line 9: /home/alnomang/virtualenv/alnoman/3.11/bin/set_env_vars.py: No such file or directory
/usr/local/lsws/fcgi-bin/lswsgi_wrapper: line 9: /home/alnomang/virtualenv/alnoman/3.11/bin/set_env_vars.py: No such file or directory
/usr/local/lsws/fcgi-bin/lswsgi_wrapper: line 9: /home/alnomang/virtualenv/alnoman/3.11/bin/set_env_vars.py: No such file or directory
/usr/local/lsws/fcgi-bin/lswsgi_wrapper: line 9: /home/alnomang/virtualenv/alnoman/3.11/bin/set_env_vars.py: No such file or directory
/usr/local/lsws/fcgi-bin/lswsgi_wrapper: line 9: /home/alnomang/virtualenv/alnoman/3.11/bin/set_env_vars.py: No such file or directory
/usr/local/lsws/fcgi-bin/lswsgi_wrapper: line 9: /home/alnomang/virtualenv/alnoman/3.11/bin/set_env_vars.py: No such file or directory
/usr/local/lsws/fcgi-bin/lswsgi_wrapper: line 9: /home/alnomang/virtualenv/alnoman/3.11/bin/set_env_vars.py: No such file or directory
/usr/local/lsws/fcgi-bin/lswsgi_wrapper: line 9: /home/alnomang/virtualenv/alnoman/3.11/bin/set_env_vars.py: No such file or directory
/usr/local/lsws/fcgi-bin/lswsgi_wrapper: line 9: /home/alnomang/virtualenv/alnoman/3.11/bin/set_env_vars.py: No such file or directory
/usr/local/lsws/fcgi-bin/lswsgi_wrapper: line 9: /home/alnomang/virtualenv/alnoman/3.11/bin/set_env_vars.py: No such file or directory
/usr/local/lsws/fcgi-bin/lswsgi_wrapper: line 9: /home/alnomang/virtualenv/alnoman/3.11/bin/set_env_vars.py: No such file or directory
/usr/local/lsws/fcgi-bin/lswsgi_wrapper: line 9: /home/alnomang/virtualenv/alnoman/3.11/bin/set_env_vars.py: No such file or directory
/usr/local/lsws/fcgi-bin/lswsgi_wrapper: line 9: /home/alnomang/virtualenv/alnoman/3.11/bin/set_env_vars.py: No such file or directory
/usr/local/lsws/fcgi-bin/lswsgi_wrapper: line 9: /home/alnomang/virtualenv/alnoman/3.11/bin/set_env_vars.py: No such file or directory
/usr/local/lsws/fcgi-bin/lswsgi_wrapper: line 9: /home/alnomang/virtualenv/alnoman/3.11/bin/set_env_vars.py: No such file or directory
/usr/local/lsws/fcgi-bin/lswsgi_wrapper: line 9: /home/alnomang/virtualenv/alnoman/3.11/bin/set_env_vars.py: No such file or directory
/usr/local/lsws/fcgi-bin/lswsgi_wrapper: line 9: /home/alnomang/virtualenv/alnoman/3.11/bin/set_env_vars.py: No such file or directory
/usr/local/lsws/fcgi-bin/lswsgi_wrapper: line 9: /home/alnomang/virtualenv/alnoman/3.11/bin/set_env_vars.py: No such file or directory
/usr/local/lsws/fcgi-bin/lswsgi_wrapper: line 9: /home/alnomang/virtualenv/alnoman/3.11/bin/set_env_vars.py: No such file or directory
/usr/local/lsws/fcgi-bin/lswsgi_wrapper: line 9: /home/alnomang/virtualenv/alnoman/3.11/bin/set_env_vars.py: No such file or directory
/usr/local/lsws/fcgi-bin/lswsgi_wrapper: line 9: /home/alnomang/virtualenv/alnoman/3.11/bin/set_env_vars.py: No such file or directory
/usr/local/lsws/fcgi-bin/lswsgi_wrapper: line 9: /home/alnomang/virtualenv/alnoman/3.11/bin/set_env_vars.py: No such file or directory
/usr/local/lsws/fcgi-bin/lswsgi_wrapper: line 9: /home/alnomang/virtualenv/alnoman/3.11/bin/set_env_vars.py: No such file or directory
/usr/local/lsws/fcgi-bin/lswsgi_wrapper: line 9: /home/alnomang/virtualenv/alnoman/3.11/bin/set_env_vars.py: No such file or directory
/usr/local/lsws/fcgi-bin/lswsgi_wrapper: line 9: /home/alnomang/virtualenv/alnoman/3.11/bin/set_env_vars.py: No such file or directory
/usr/local/lsws/fcgi-bin/lswsgi_wrapper: line 9: /home/alnomang/virtualenv/alnoman/3.11/bin/set_env_vars.py: No such file or directory
/usr/local/lsws/fcgi-bin/lswsgi_wrapper: line 9: /home/alnomang/virtualenv/alnoman/3.11/bin/set_env_vars.py: No such file or directory
/usr/local/lsws/fcgi-bin/lswsgi_wrapper: line 9: /home/alnomang/virtualenv/alnoman/3.11/bin/set_env_vars.py: No such file or directory
/usr/local/lsws/fcgi-bin/lswsgi_wrapper: line 9: /home/alnomang/virtualenv/alnoman/3.11/bin/set_env_vars.py: No such file or directory
/usr/local/lsws/fcgi-bin/lswsgi_wrapper: line 9: /home/alnomang/virtualenv/alnoman/3.11/bin/set_env_vars.py: No such file or directory
/usr/local/lsws/fcgi-bin/lswsgi_wrapper: line 9: /home/alnomang/virtualenv/alnoman/3.11/bin/set_env_vars.py: No such file or directory
/usr/local/lsws/fcgi-bin/lswsgi_wrapper: line 9: /home/alnomang/virtualenv/alnoman/3.11/bin/set_env_vars.py: No such file or directory
/usr/local/lsws/fcgi-bin/lswsgi_wrapper: line 9: /home/alnomang/virtualenv/alnoman/3.11/bin/set_env_vars.py: No such file or directory
/usr/local/lsws/fcgi-bin/lswsgi_wrapper: line 9: /home/alnomang/virtualenv/alnoman/3.11/bin/set_env_vars.py: No such file or directory
/usr/local/lsws/fcgi-bin/lswsgi_wrapper: line 9: /home/alnomang/virtualenv/alnoman/3.11/bin/set_env_vars.py: No such file or directory
/usr/local/lsws/fcgi-bin/lswsgi_wrapper: line 9: /home/alnomang/virtualenv/alnoman/3.11/bin/set_env_vars.py: No such file or directory
/usr/local/lsws/fcgi-bin/lswsgi_wrapper: line 9: /home/alnomang/virtualenv/alnoman/3.11/bin/set_env_vars.py: No such file or directory
/usr/local/lsws/fcgi-bin/lswsgi_wrapper: line 9: /home/alnomang/virtualenv/alnoman/3.11/bin/set_env_vars.py: No such file or directory
/usr/local/lsws/fcgi-bin/lswsgi_wrapper: line 9: /home/alnomang/virtualenv/alnoman/3.11/bin/set_env_vars.py: No such file or directory
/usr/local/lsws/fcgi-bin/lswsgi_wrapper: line 9: /home/alnomang/virtualenv/alnoman/3.11/bin/set_env_vars.py: No such file or directory
/usr/local/lsws/fcgi-bin/lswsgi_wrapper: line 9: /home/alnomang/virtualenv/alnoman/3.11/bin/set_env_vars.py: No such file or directory
/usr/local/lsws/fcgi-bin/lswsgi_wrapper: line 9: /home/alnomang/virtualenv/alnoman/3.11/bin/set_env_vars.py: No such file or directory
/usr/local/lsws/fcgi-bin/lswsgi_wrapper: line 9: /home/alnomang/virtualenv/alnoman/3.11/bin/set_env_vars.py: No such file or directory
/usr/local/lsws/fcgi-bin/lswsgi_wrapper: line 9: /home/alnomang/virtualenv/alnoman/3.11/bin/set_env_vars.py: No such file or directory
/usr/local/lsws/fcgi-bin/lswsgi_wrapper: line 9: /home/alnomang/virtualenv/alnoman/3.11/bin/set_env_vars.py: No such file or directory
/usr/local/lsws/fcgi-bin/lswsgi_wrapper: line 9: /home/alnomang/virtualenv/alnoman/3.11/bin/set_env_vars.py: No such file or directory
/usr/local/lsws/fcgi-bin/lswsgi_wrapper: line 9: /home/alnomang/virtualenv/alnoman/3.11/bin/set_env_vars.py: No such file or directory
/usr/local/lsws/fcgi-bin/lswsgi_wrapper: line 9: /home/alnomang/virtualenv/alnoman/3.11/bin/set_env_vars.py: No such file or directory
/usr/local/lsws/fcgi-bin/lswsgi_wrapper: line 9: /home/alnomang/virtualenv/alnoman/3.11/bin/set_env_vars.py: No such file or directory
/usr/local/lsws/fcgi-bin/lswsgi_wrapper: line 9: /home/alnomang/virtualenv/alnoman/3.11/bin/set_env_vars.py: No such file or directory
/usr/local/lsws/fcgi-bin/lswsgi_wrapper: line 9: /home/alnomang/virtualenv/alnoman/3.11/bin/set_env_vars.py: No such file or directory
/usr/local/lsws/fcgi-bin/lswsgi_wrapper: line 9: /home/alnomang/virtualenv/alnoman/3.11/bin/set_env_vars.py: No such file or directory
/usr/local/lsws/fcgi-bin/lswsgi_wrapper: line 9: /home/alnomang/virtualenv/alnoman/3.11/bin/set_env_vars.py: No such file or directory
/usr/local/lsws/fcgi-bin/lswsgi_wrapper: line 9: /home/alnomang/virtualenv/alnoman/3.11/bin/set_env_vars.py: No such file or directory
/usr/local/lsws/fcgi-bin/lswsgi_wrapper: line 9: /home/alnomang/virtualenv/alnoman/3.11/bin/set_env_vars.py: No such file or directory
/usr/local/lsws/fcgi-bin/lswsgi_wrapper: line 9: /home/alnomang/virtualenv/alnoman/3.11/bin/set_env_vars.py: No such file or directory
/usr/local/lsws/fcgi-bin/lswsgi_wrapper: line 9: /home/alnomang/virtualenv/alnoman/3.11/bin/set_env_vars.py: No such file or directory
/usr/local/lsws/fcgi-bin/lswsgi_wrapper: line 9: /home/alnomang/virtualenv/alnoman/3.11/bin/set_env_vars.py: No such file or directory
/usr/local/lsws/fcgi-bin/lswsgi_wrapper: line 9: /home/alnomang/virtualenv/alnoman/3.11/bin/set_env_vars.py: No such file or directory
2
/usr/local/lsws/fcgi-bin/lswsgi_wrapper: line 9: /home/alnomang/virtualenv/alnoman/3.11/bin/set_env_vars.py: No such file or directory
/usr/local/lsws/fcgi-bin/lswsgi_wrapper: line 9: /home/alnomang/virtualenv/alnoman/3.11/bin/set_env_vars.py: No such file or directory
/usr/local/lsws/fcgi-bin/lswsgi_wrapper: line 9: /home/alnomang/virtualenv/alnoman/3.11/bin/set_env_vars.py: No such file or directory
2
/usr/local/lsws/fcgi-bin/lswsgi_wrapper: line 9: /home/alnomang/virtualenv/alnoman/3.11/bin/set_env_vars.py: No such file or directory
/usr/local/lsws/fcgi-bin/lswsgi_wrapper: line 9: /home/alnomang/virtualenv/alnoman/3.11/bin/set_env_vars.py: No such file or directory
/usr/local/lsws/fcgi-bin/lswsgi_wrapper: line 9: /home/alnomang/virtualenv/alnoman/3.11/bin/set_env_vars.py: No such file or directory
/usr/local/lsws/fcgi-bin/lswsgi_wrapper: line 9: /home/alnomang/virtualenv/alnoman/3.11/bin/set_env_vars.py: No such file or directory
/usr/local/lsws/fcgi-bin/lswsgi_wrapper: line 9: /home/alnomang/virtualenv/alnoman/3.11/bin/set_env_vars.py: No such file or directory
/usr/local/lsws/fcgi-bin/lswsgi_wrapper: line 9: /home/alnomang/virtualenv/alnoman/3.11/bin/set_env_vars.py: No such file or directory
/usr/local/lsws/fcgi-bin/lswsgi_wrapper: line 9: /home/alnomang/virtualenv/alnoman/3.11/bin/set_env_vars.py: No such file or directory
/usr/local/lsws/fcgi-bin/lswsgi_wrapper: line 9: /home/alnomang/virtualenv/alnoman/3.11/bin/set_env_vars.py: No such file or directory
/usr/local/lsws/fcgi-bin/lswsgi_wrapper: line 9: /home/alnomang/virtualenv/alnoman/3.11/bin/set_env_vars.py: No such file or directory
/usr/local/lsws/fcgi-bin/lswsgi_wrapper: line 9: /home/alnomang/virtualenv/alnoman/3.11/bin/set_env_vars.py: No such file or directory
/usr/local/lsws/fcgi-bin/lswsgi_wrapper: line 9: /home/alnomang/virtualenv/alnoman/3.11/bin/set_env_vars.py: No such file or directory
/usr/local/lsws/fcgi-bin/lswsgi_wrapper: line 9: /home/alnomang/virtualenv/alnoman/3.11/bin/set_env_vars.py: No such file or directory
/usr/local/lsws/fcgi-bin/lswsgi_wrapper: line 9: /home/alnomang/virtualenv/alnoman/3.11/bin/set_env_vars.py: No such file or directory
/usr/local/lsws/fcgi-bin/lswsgi_wrapper: line 9: /home/alnomang/virtualenv/alnoman/3.11/bin/set_env_vars.py: No such file or directory
/usr/local/lsws/fcgi-bin/lswsgi_wrapper: line 9: /home/alnomang/virtualenv/alnoman/3.11/bin/set_env_vars.py: No such file or directory
/usr/local/lsws/fcgi-bin/lswsgi_wrapper: line 9: /home/alnomang/virtualenv/alnoman/3.11/bin/set_env_vars.py: No such file or directory
/usr/local/lsws/fcgi-bin/lswsgi_wrapper: line 9: /home/alnomang/virtualenv/alnoman/3.11/bin/set_env_vars.py: No such file or directory
/usr/local/lsws/fcgi-bin/lswsgi_wrapper: line 9: /home/alnomang/virtualenv/alnoman/3.11/bin/set_env_vars.py: No such file or directory
/usr/local/lsws/fcgi-bin/lswsgi_wrapper: line 9: /home/alnomang/virtualenv/alnoman/3.11/bin/set_env_vars.py: No such file or directory
/usr/local/lsws/fcgi-bin/lswsgi_wrapper: line 9: /home/alnomang/virtualenv/alnoman/3.11/bin/set_env_vars.py: No such file or directory
/usr/local/lsws/fcgi-bin/lswsgi_wrapper: line 9: /home/alnomang/virtualenv/alnoman/3.11/bin/set_env_vars.py: No such file or directory
/usr/local/lsws/fcgi-bin/lswsgi_wrapper: line 9: /home/alnomang/virtualenv/alnoman/3.11/bin/set_env_vars.py: No such file or directory
/usr/local/lsws/fcgi-bin/lswsgi_wrapper: line 9: /home/alnomang/virtualenv/alnoman/3.11/bin/set_env_vars.py: No such file or directory
/usr/local/lsws/fcgi-bin/lswsgi_wrapper: line 9: /home/alnomang/virtualenv/alnoman/3.11/bin/set_env_vars.py: No such file or directory
/usr/local/lsws/fcgi-bin/lswsgi_wrapper: line 9: /home/alnomang/virtualenv/alnoman/3.11/bin/set_env_vars.py: No such file or directory
/usr/local/lsws/fcgi-bin/lswsgi_wrapper: line 9: /home/alnomang/virtualenv/alnoman/3.11/bin/set_env_vars.py: No such file or directory
/usr/local/lsws/fcgi-bin/lswsgi_wrapper: line 9: /home/alnomang/virtualenv/alnoman/3.11/bin/set_env_vars.py: No such file or directory
/usr/local/lsws/fcgi-bin/lswsgi_wrapper: line 9: /home/alnomang/virtualenv/alnoman/3.11/bin/set_env_vars.py: No such file or directory
/usr/local/lsws/fcgi-bin/lswsgi_wrapper: line 9: /home/alnomang/virtualenv/alnoman/3.11/bin/set_env_vars.py: No such file or directory
/usr/local/lsws/fcgi-bin/lswsgi_wrapper: line 9: /home/alnomang/virtualenv/alnoman/3.11/bin/set_env_vars.py: No such file or directory
/usr/local/lsws/fcgi-bin/lswsgi_wrapper: line 9: /home/alnomang/virtualenv/alnoman/3.11/bin/set_env_vars.py: No such file or directory
/usr/local/lsws/fcgi-bin/lswsgi_wrapper: line 9: /home/alnomang/virtualenv/alnoman/3.11/bin/set_env_vars.py: No such file or directory
/usr/local/lsws/fcgi-bin/lswsgi_wrapper: line 9: /home/alnomang/virtualenv/alnoman/3.11/bin/set_env_vars.py: No such file or directory
/usr/local/lsws/fcgi-bin/lswsgi_wrapper: line 9: /home/alnomang/virtualenv/alnoman/3.11/bin/set_env_vars.py: No such file or directory
/usr/local/lsws/fcgi-bin/lswsgi_wrapper: line 9: /home/alnomang/virtualenv/alnoman/3.11/bin/set_env_vars.py: No such file or directory
/usr/local/lsws/fcgi-bin/lswsgi_wrapper: line 9: /home/alnomang/virtualenv/alnoman/3.11/bin/set_env_vars.py: No such file or directory
/usr/local/lsws/fcgi-bin/lswsgi_wrapper: line 9: /home/alnomang/virtualenv/alnoman/3.11/bin/set_env_vars.py: No such file or directory
/usr/local/lsws/fcgi-bin/lswsgi_wrapper: line 9: /home/alnomang/virtualenv/alnoman/3.11/bin/set_env_vars.py: No such file or directory
/usr/local/lsws/fcgi-bin/lswsgi_wrapper: line 9: /home/alnomang/virtualenv/alnoman/3.11/bin/set_env_vars.py: No such file or directory
/usr/local/lsws/fcgi-bin/lswsgi_wrapper: line 9: /home/alnomang/virtualenv/alnoman/3.11/bin/set_env_vars.py: No such file or directory
/usr/local/lsws/fcgi-bin/lswsgi_wrapper: line 9: /home/alnomang/virtualenv/alnoman/3.11/bin/set_env_vars.py: No such file or directory
/usr/local/lsws/fcgi-bin/lswsgi_wrapper: line 9: /home/alnomang/virtualenv/alnoman/3.11/bin/set_env_vars.py: No such file or directory
/usr/local/lsws/fcgi-bin/lswsgi_wrapper: line 9: /home/alnomang/virtualenv/alnoman/3.11/bin/set_env_vars.py: No such file or directory
/usr/local/lsws/fcgi-bin/lswsgi_wrapper: line 9: /home/alnomang/virtualenv/alnoman/3.11/bin/set_env_vars.py: No such file or directory
/usr/local/lsws/fcgi-bin/lswsgi_wrapper: line 9: /home/alnomang/virtualenv/alnoman/3.11/bin/set_env_vars.py: No such file or directory
/usr/local/lsws/fcgi-bin/lswsgi_wrapper: line 9: /home/alnomang/virtualenv/alnoman/3.11/bin/set_env_vars.py: No such file or directory
/usr/local/lsws/fcgi-bin/lswsgi_wrapper: line 9: /home/alnomang/virtualenv/alnoman/3.11/bin/set_env_vars.py: No such file or directory
/usr/local/lsws/fcgi-bin/lswsgi_wrapper: line 9: /home/alnomang/virtualenv/alnoman/3.11/bin/set_env_vars.py: No such file or directory
/usr/local/lsws/fcgi-bin/lswsgi_wrapper: line 9: /home/alnomang/virtualenv/alnoman/3.11/bin/set_env_vars.py: No such file or directory
/usr/local/lsws/fcgi-bin/lswsgi_wrapper: line 9: /home/alnomang/virtualenv/alnoman/3.11/bin/set_env_vars.py: No such file or directory
/usr/local/lsws/fcgi-bin/lswsgi_wrapper: line 9: /home/alnomang/virtualenv/alnoman/3.11/bin/set_env_vars.py: No such file or directory
/usr/local/lsws/fcgi-bin/lswsgi_wrapper: line 9: /home/alnomang/virtualenv/alnoman/3.11/bin/set_env_vars.py: No such file or directory
/usr/local/lsws/fcgi-bin/lswsgi_wrapper: line 9: /home/alnomang/virtualenv/alnoman/3.11/bin/set_env_vars.py: No such file or directory
/usr/local/lsws/fcgi-bin/lswsgi_wrapper: line 9: /home/alnomang/virtualenv/alnoman/3.11/bin/set_env_vars.py: No such file or directory
2
/usr/local/lsws/fcgi-bin/lswsgi_wrapper: line 9: /home/alnomang/virtualenv/alnoman/3.11/bin/set_env_vars.py: No such file or directory
/usr/local/lsws/fcgi-bin/lswsgi_wrapper: line 9: /home/alnomang/virtualenv/alnoman/3.11/bin/set_env_vars.py: No such file or directory
<QuerySet [<Our_Certificate: Our_Certificate object (2)>]>
/usr/local/lsws/fcgi-bin/lswsgi_wrapper: line 9: /home/alnomang/virtualenv/alnoman/3.11/bin/set_env_vars.py: No such file or directory
/usr/local/lsws/fcgi-bin/lswsgi_wrapper: line 9: /home/alnomang/virtualenv/alnoman/3.11/bin/set_env_vars.py: No such file or directory
/usr/local/lsws/fcgi-bin/lswsgi_wrapper: line 9: /home/alnomang/virtualenv/alnoman/3.11/bin/set_env_vars.py: No such file or directory
/usr/local/lsws/fcgi-bin/lswsgi_wrapper: line 9: /home/alnomang/virtualenv/alnoman/3.11/bin/set_env_vars.py: No such file or directory
/usr/local/lsws/fcgi-bin/lswsgi_wrapper: line 9: /home/alnomang/virtualenv/alnoman/3.11/bin/set_env_vars.py: No such file or directory
/usr/local/lsws/fcgi-bin/lswsgi_wrapper: line 9: /home/alnomang/virtualenv/alnoman/3.11/bin/set_env_vars.py: No such file or directory
/usr/local/lsws/fcgi-bin/lswsgi_wrapper: line 9: /home/alnomang/virtualenv/alnoman/3.11/bin/set_env_vars.py: No such file or directory
/usr/local/lsws/fcgi-bin/lswsgi_wrapper: line 9: /home/alnomang/virtualenv/alnoman/3.11/bin/set_env_vars.py: No such file or directory
4
/usr/local/lsws/fcgi-bin/lswsgi_wrapper: line 9: /home/alnomang/virtualenv/alnoman/3.11/bin/set_env_vars.py: No such file or directory
/usr/local/lsws/fcgi-bin/lswsgi_wrapper: line 9: /home/alnomang/virtualenv/alnoman/3.11/bin/set_env_vars.py: No such file or directory
/usr/local/lsws/fcgi-bin/lswsgi_wrapper: line 9: /home/alnomang/virtualenv/alnoman/3.11/bin/set_env_vars.py: No such file or directory
/usr/local/lsws/fcgi-bin/lswsgi_wrapper: line 9: /home/alnomang/virtualenv/alnoman/3.11/bin/set_env_vars.py: No such file or directory
/usr/local/lsws/fcgi-bin/lswsgi_wrapper: line 9: /home/alnomang/virtualenv/alnoman/3.11/bin/set_env_vars.py: No such file or directory
/usr/local/lsws/fcgi-bin/lswsgi_wrapper: line 9: /home/alnomang/virtualenv/alnoman/3.11/bin/set_env_vars.py: No such file or directory
/usr/local/lsws/fcgi-bin/lswsgi_wrapper: line 9: /home/alnomang/virtualenv/alnoman/3.11/bin/set_env_vars.py: No such file or directory
/usr/local/lsws/fcgi-bin/lswsgi_wrapper: line 9: /home/alnomang/virtualenv/alnoman/3.11/bin/set_env_vars.py: No such file or directory
/usr/local/lsws/fcgi-bin/lswsgi_wrapper: line 9: /home/alnomang/virtualenv/alnoman/3.11/bin/set_env_vars.py: No such file or directory
[UID:1613][761638] Reached max children process limit: 6, extra: 2, current: 8, busy: 7, please increase LSAPI_CHILDREN.
[UID:1613][761638] Reached max children process limit: 6, extra: 2, current: 8, busy: 8, please increase LSAPI_CHILDREN.
[UID:1613][761638] Reached max children process limit: 6, extra: 2, current: 8, busy: 8, please increase LSAPI_CHILDREN.
[UID:1613][761638] Reached max children process limit: 6, extra: 2, current: 8, busy: 8, please increase LSAPI_CHILDREN.
[UID:1613][761638] Reached max children process limit: 6, extra: 2, current: 8, busy: 8, please increase LSAPI_CHILDREN.
[UID:1613][761638] Reached max children process limit: 6, extra: 2, current: 8, busy: 8, please increase LSAPI_CHILDREN.
[UID:1613][761638] Reached max children process limit: 6, extra: 2, current: 8, busy: 8, please increase LSAPI_CHILDREN.
[UID:1613][761638] Reached max children process limit: 6, extra: 2, current: 8, busy: 8, please increase LSAPI_CHILDREN.
[UID:1613][761638] Reached max children process limit: 6, extra: 2, current: 8, busy: 8, please increase LSAPI_CHILDREN.
[UID:1613][761638] Reached max children process limit: 6, extra: 2, current: 8, busy: 8, please increase LSAPI_CHILDREN.
[UID:1613][761638] Reached max children process limit: 6, extra: 2, current: 8, busy: 8, please increase LSAPI_CHILDREN.
/usr/local/lsws/fcgi-bin/lswsgi_wrapper: line 9: /home/alnomang/virtualenv/alnoman/3.11/bin/set_env_vars.py: No such file or directory
/usr/local/lsws/fcgi-bin/lswsgi_wrapper: line 9: /home/alnomang/virtualenv/alnoman/3.11/bin/set_env_vars.py: No such file or directory
<QuerySet [<Our_Certificate: Our_Certificate object (2)>]>
/usr/local/lsws/fcgi-bin/lswsgi_wrapper: line 9: /home/alnomang/virtualenv/alnoman/3.11/bin/set_env_vars.py: No such file or directory
/usr/local/lsws/fcgi-bin/lswsgi_wrapper: line 9: /home/alnomang/virtualenv/alnoman/3.11/bin/set_env_vars.py: No such file or directory
/usr/local/lsws/fcgi-bin/lswsgi_wrapper: line 9: /home/alnomang/virtualenv/alnoman/3.11/bin/set_env_vars.py: No such file or directory
/usr/local/lsws/fcgi-bin/lswsgi_wrapper: line 9: /home/alnomang/virtualenv/alnoman/3.11/bin/set_env_vars.py: No such file or directory
/usr/local/lsws/fcgi-bin/lswsgi_wrapper: line 9: /home/alnomang/virtualenv/alnoman/3.11/bin/set_env_vars.py: No such file or directory
/usr/local/lsws/fcgi-bin/lswsgi_wrapper: line 9: /home/alnomang/virtualenv/alnoman/3.11/bin/set_env_vars.py: No such file or directory
